// Jest Snapshot v1, https://goo.gl/fbAQLP

exports[`RatingsReviews component tests Snapshot should match! 1`] = `
<div>
  Loading Ratings and Reviews...
</div>
`;
