// Jest Snapshot v1, https://goo.gl/fbAQLP

exports[`ProductOverview component tests it should match snapshot  1`] = `
<div
  data-testid="loading"
  id="loading"
>
  â‡† Loading...
</div>
`;
